[1/1] "/usr/local/bin/cmake" -E chdir ".." "/usr/local/bin/cmake" "/home/runner/work/hikari/hikari/HikariSub/prototypes/build-workflow/ffms2-overlay/ports/hikari-ffms2" "-G" "Ninja" "-DCMAKE_BUILD_TYPE=Release" "-DCMAKE_INSTALL_PREFIX=/home/runner/work/hikari/hikari/HikariSub/prototypes/build-workflow/ffms2-overlay/linux-ci/_work/vcpkg/packages/hikari-ffms2_x64-hikari-linux-release" "-DFETCHCONTENT_FULLY_DISCONNECTED=ON" "-DFFMS2_SOURCE_DIR=/home/runner/work/hikari/hikari/HikariSub/prototypes/build-workflow/ffms2-overlay/linux-ci/_work/vcpkg/buildtrees/hikari-ffms2/src/15a44c735d-1f3d1b5813.clean" "-DFFMS2_ADDITIONAL_SOURCE=/home/runner/work/hikari/hikari/HikariSub/prototypes/build-workflow/ffms2-overlay/linux-ci/_work/downloads/hikari-indexing_additional-20d647c4.cpp" "-DCMAKE_MAKE_PROGRAM=/usr/local/bin/ninja" "-DCMAKE_SYSTEM_NAME=Linux" "-DBUILD_SHARED_LIBS=OFF" "-DVCPKG_CHAINLOAD_TOOLCHAIN_FILE=/home/runner/work/hikari/hikari/HikariSub/prototypes/build-workflow/ffms2-overlay/linux-ci/_work/vcpkg/scripts/toolchains/linux.cmake" "-DVCPKG_TARGET_TRIPLET=x64-hikari-linux-release" "-DVCPKG_SET_CHARSET_FLAG=ON" "-DVCPKG_PLATFORM_TOOLSET=external" "-DCMAKE_EXPORT_NO_PACKAGE_REGISTRY=ON" "-DCMAKE_FIND_PACKAGE_NO_PACKAGE_REGISTRY=ON" "-DCMAKE_FIND_PACKAGE_NO_SYSTEM_PACKAGE_REGISTRY=ON" "-DCMAKE_INSTALL_SYSTEM_RUNTIME_LIBS_SKIP=TRUE" "-DCMAKE_VERBOSE_MAKEFILE=ON" "-DVCPKG_APPLOCAL_DEPS=OFF" "-DCMAKE_TOOLCHAIN_FILE=/home/runner/work/hikari/hikari/HikariSub/prototypes/build-workflow/ffms2-overlay/linux-ci/_work/vcpkg/scripts/buildsystems/vcpkg.cmake" "-DCMAKE_ERROR_ON_ABSOLUTE_INSTALL_DESTINATION=ON" "-DVCPKG_CXX_FLAGS=" "-DVCPKG_CXX_FLAGS_RELEASE=" "-DVCPKG_CXX_FLAGS_DEBUG=" "-DVCPKG_C_FLAGS=" "-DVCPKG_C_FLAGS_RELEASE=" "-DVCPKG_C_FLAGS_DEBUG=" "-DVCPKG_CRT_LINKAGE=dynamic" "-DVCPKG_LINKER_FLAGS=" "-DVCPKG_LINKER_FLAGS_RELEASE=" "-DVCPKG_LINKER_FLAGS_DEBUG=" "-DVCPKG_TARGET_ARCHITECTURE=x64" "-DCMAKE_INSTALL_LIBDIR:STRING=lib" "-DCMAKE_INSTALL_BINDIR:STRING=bin" "-D_VCPKG_ROOT_DIR=/home/runner/work/hikari/hikari/HikariSub/prototypes/build-workflow/ffms2-overlay/linux-ci/_work/vcpkg" "-D_VCPKG_INSTALLED_DIR=/home/runner/work/hikari/hikari/HikariSub/prototypes/build-workflow/ffms2-overlay/out/linux-overlay/vcpkg_installed" "-DVCPKG_MANIFEST_INSTALL=OFF"
-- The CXX compiler identification is GNU 15.2.0
-- Detecting CXX compiler ABI info
-- Detecting CXX compiler ABI info - done
-- Check for working CXX compiler: /usr/bin/c++ - skipped
-- Detecting CXX compile features
-- Detecting CXX compile features - done
CMake Warning (author) at /home/runner/work/hikari/hikari/HikariSub/prototypes/build-workflow/ffms2-overlay/out/linux-overlay/vcpkg_installed/x64-hikari-linux-release/share/ffmpeg/FindFFMPEG.cmake:45 (cmake_parse_arguments):
  The NAMES keyword was followed by an empty string or no value at all.
  Policy CMP0174 is not set, so cmake_parse_arguments() will unset the
  arg_NAMES variable rather than setting it to an empty string.
Call Stack (most recent call first):
  /home/runner/work/hikari/hikari/HikariSub/prototypes/build-workflow/ffms2-overlay/out/linux-overlay/vcpkg_installed/x64-hikari-linux-release/share/ffmpeg/FindFFMPEG.cmake:148 (append_dependencies)
  /home/runner/work/hikari/hikari/HikariSub/prototypes/build-workflow/ffms2-overlay/out/linux-overlay/vcpkg_installed/x64-hikari-linux-release/share/ffmpeg/vcpkg-cmake-wrapper.cmake:27 (_find_package)
  /home/runner/work/hikari/hikari/HikariSub/prototypes/build-workflow/ffms2-overlay/linux-ci/_work/vcpkg/scripts/buildsystems/vcpkg.cmake:893 (include)
  CMakeLists.txt:5 (find_package)
This warning is for project developers.  Use -Wno-author to suppress it.

-- Found FFMPEG: /home/runner/work/hikari/hikari/HikariSub/prototypes/build-workflow/ffms2-overlay/out/linux-overlay/vcpkg_installed/x64-hikari-linux-release/lib/libavformat.a;/home/runner/work/hikari/hikari/HikariSub/prototypes/build-workflow/ffms2-overlay/out/linux-overlay/vcpkg_installed/x64-hikari-linux-release/lib/libavcodec.a;/home/runner/work/hikari/hikari/HikariSub/prototypes/build-workflow/ffms2-overlay/out/linux-overlay/vcpkg_installed/x64-hikari-linux-release/lib/libswresample.a;/home/runner/work/hikari/hikari/HikariSub/prototypes/build-workflow/ffms2-overlay/out/linux-overlay/vcpkg_installed/x64-hikari-linux-release/lib/libswscale.a;/home/runner/work/hikari/hikari/HikariSub/prototypes/build-workflow/ffms2-overlay/out/linux-overlay/vcpkg_installed/x64-hikari-linux-release/lib/libavutil.a;-pthread;m;atomic
-- Found ZLIB: /home/runner/work/hikari/hikari/HikariSub/prototypes/build-workflow/ffms2-overlay/out/linux-overlay/vcpkg_installed/x64-hikari-linux-release/lib/libz.a (found version "1.3.2")
-- Performing Test CMAKE_HAVE_LIBC_PTHREAD
-- Performing Test CMAKE_HAVE_LIBC_PTHREAD - Success
-- Found Threads: TRUE
-- Configuring done (0.3s)
-- Generating done (0.0s)
CMake Warning (unused-cli):
  Manually-specified variables were not used by the project:

    FETCHCONTENT_FULLY_DISCONNECTED
    VCPKG_PLATFORM_TOOLSET
    VCPKG_SET_CHARSET_FLAG
    _VCPKG_ROOT_DIR


-- Build files have been written to: /home/runner/work/hikari/hikari/HikariSub/prototypes/build-workflow/ffms2-overlay/linux-ci/_work/vcpkg/buildtrees/hikari-ffms2/x64-hikari-linux-release-rel
